2022-02-24 05:34:16,355 : DEBUG : Начало программы
2022-02-24 05:34:16,355 : INFO : Какие-то действия
2022-02-24 05:34:16,355 : WARNING : Программа умирает
